0 Patrat:
0 0
0 3
3 0
3 3
1 Patrat:
1 1
1 2
2 1
2 2
2 Poligon:
0 0
3 3
4 4
3 Poligon:
1 1
3 3
4 4
