0 Poligon:
1 1
3 3
4 4
1 Poligon:
0 1
1 0
2 Poligon:
0 3
3 0
3 Patrat:
0 2
0 4
2 2
2 4
4 Poligon:
1 1
1 3
1 4
3 1
5 1
5 2
5 4
5 Poligon:
2 6
3 3
4 6
6 Poligon:
-2 -2
3 3
4 4
7 Poligon:
-4 -4
3 3
4 4
8 Poligon:
-6 -6
3 3
4 4
9 Poligon:
-7 -7
3 3
4 4
10 Poligon:
-8 -8
3 3
4 4
