0 Dreptunghi:
3 2
3 4
6 2
6 4
1 Dreptunghi:
0 0
0 2
3 0
3 2
2 Poligon:
0 0
3 3
4 4
3 Poligon:
1 1
3 3
4 4
4 Poligon:
3 3
4 4
5 5
5 Poligon:
3 3
4 4
7 7
6 Poligon:
3 3
4 4
8 8
7 Poligon:
3 3
4 4
9 9
8 Poligon:
-1 -1
3 3
4 4
