0 Patrat:
1 1
1 3
3 1
3 3
1 Patrat:
3 3
3 5
5 3
5 5
2 Patrat:
5 5
5 7
7 5
7 7
3 Poligon:
1 1
3 3
4 4
4 Poligon:
-3 -3
3 3
4 4
5 Poligon:
-10 -10
3 3
4 4
6 Poligon:
-3 -3
3 3
4 4
7 Poligon:
-6 -6
3 3
4 4
